
> vibecode@0.1.0 verify:build
> node scripts/verify-isolated-build.mjs

Isolated build: C:\Users\hhajj\AppData\Local\Temp\stimemc-security-build-SEMPEt
▲ Next.js 16.3.4 (webpack)
✓ Running next.config.ts took 35ms

  Creating an optimized production build ...
✓ Compiled successfully in 7.5s
  Running TypeScript ...
  Finished TypeScript in 3.1s ...
  Collecting page data using 19 workers ...
  Generating static pages using 19 workers (0/15) ...
  Generating static pages using 19 workers (3/15)
  Generating static pages using 19 workers (7/15)
  Generating static pages using 19 workers (11/15)
✓ Generating static pages using 19 workers (15/15) in 976ms
  Finalizing page optimization ...
  Collecting build traces ...

Route (app)
┌ ƒ /
├ ○ /_not-found
├ ƒ /[...slug]
├ ƒ /api/telegram/inquiry-alert
├ ○ /auth/callback
├ ○ /history
├ ○ /join
├ ƒ /news
├ ○ /recovery-guidelines
├ ○ /rules
├ ○ /server-mechanism
├ ○ /servers
├ ○ /servers/survival
├ ○ /servers/the-great-war
├ ○ /support
├ ○ /taskboard
└ ○ /updates


○  (Static)   prerendered as static content
ƒ  (Dynamic)  server-rendered on demand

Verified production output: C:\Users\hhajj\AppData\Local\Temp\stimemc-security-build-SEMPEt
